// Jest Snapshot v1, https://goo.gl/fbAQLP

exports[`Header Button test case Header Button renders correctly 1`] = `
<ForwardRef
  activeOpacity={0.7}
  onPress={[Function]}
  style={
    Object {
      "alignItems": "center",
      "backgroundColor": "#7a9ea3",
      "borderRadius": 2,
      "flex": 0,
      "justifyContent": "center",
      "marginHorizontal": 5,
      "marginVertical": 4,
      "maxWidth": 90,
      "minWidth": 70,
      "paddingHorizontal": 7,
      "paddingVertical": 3,
    }
  }
>
  <View>
    <Text
      style={
        Object {
          "color": "#fff",
          "fontSize": 13,
        }
      }
    >
      tITle_314134
    </Text>
  </View>
</ForwardRef>
`;
